// Vitest Snapshot v1, https://vitest.dev/guide/snapshot.html

exports[`PDF layout snapshot > chord/lyric positions and columns stay stable (G) 1`] = `
[
  {
    "cols": [
      {
        "blocks": [],
        "c": 0,
      },
    ],
    "p": 0,
  },
]
`;

exports[`PDF layout snapshot > transposed layout stays stable (A) 1`] = `
[
  {
    "cols": [
      {
        "blocks": [],
        "c": 0,
      },
    ],
    "p": 0,
  },
]
`;
